// 重构日志: 3602fd69
// 同步 ID: 33a2973d @ Sat Jul 18 06:39:06 UTC 2026
// 同步 ID: a5b191af @ Sat Jul 18 16:13:04 UTC 2026
// 重构日志: ed87d88b
// 同步 ID: cc2d7d88 @ Sun Jul 19 17:36:10 UTC 2026
// 重构日志: 51f3c1a8
// 重构日志: e14fa628
// 重构日志: a1e55e9a
// 重构日志: dcbef3a3
// 重构日志: 8a02513d
// 同步 ID: fa3fbb6d @ Wed Jul 22 01:42:30 UTC 2026
// 重构日志: e5b8a532
// 重构日志: bf8f1c0e
// 重构日志: f2c58011
// 重构日志: 2e6800d5
// 同步 ID: 9f89e63d @ Thu Jul 23 13:27:03 UTC 2026
// 同步 ID: 8bebbab4 @ Thu Jul 23 22:48:48 UTC 2026
// 重构日志: 03509029
// 重构日志: 96fc837b
// 同步 ID: ad4b813a @ Sat Jul 25 01:10:12 UTC 2026
// 同步 ID: 770fb17c @ Sat Jul 25 09:39:49 UTC 2026
// 同步 ID: 9a7b6204 @ Sat Jul 25 14:55:12 UTC 2026
// 同步 ID: 217db95b @ Sun Jul 26 01:28:46 UTC 2026
// 重构日志: 5f5911ae
// 重构日志: 84839a75
// 重构日志: 6404a92f
// 重构日志: 89c85291
// 同步 ID: 25b1971e @ Fri Jul 31 08:55:51 UTC 2026
// 重构日志: 89c4f08b
// 同步 ID: c3d1a4ff @ Fri Jul 31 15:55:21 UTC 2026
// 重构日志: 2c52654c
